// Jest Snapshot v1, https://goo.gl/fbAQLP

exports[`DoneButton renders correctly 1`] = `
<View
  accessibilityComponentType={undefined}
  accessibilityLabel={undefined}
  accessibilityTraits={undefined}
  accessible={true}
  collapsable={undefined}
  hitSlop={undefined}
  isTVSelectable={true}
  nativeID={undefined}
  onLayout={undefined}
  onResponderGrant={[Function]}
  onResponderMove={[Function]}
  onResponderRelease={[Function]}
  onResponderTerminate={[Function]}
  onResponderTerminationRequest={[Function]}
  onStartShouldSetResponder={[Function]}
  style={
    Object {
      "opacity": 1,
      "padding": 10,
    }
  }
  testID={undefined}
  tvParallaxProperties={undefined}
>
  <Text
    accessible={true}
    allowFontScaling={true}
    disabled={false}
    ellipsizeMode="tail"
  >
    <Text
      accessible={true}
      allowFontScaling={true}
      disabled={false}
      ellipsizeMode="tail"
      numberOfLines={undefined}
      style={
        Array [
          Object {
            "color": "#504F63",
            "fontFamily": "Avenir Next",
            "fontWeight": "400",
          },
          Object {
            "color": "#D49146",
            "fontSize": 16,
            "fontWeight": "500",
          },
        ]
      }
    >
      Done
    </Text>
  </Text>
</View>
`;
