// Jest Snapshot v1, https://goo.gl/fbAQLP

exports[`Footer renders correctly 1`] = `
<View
  pointerEvents={undefined}
  style={
    Array [
      Object {
        "alignItems": "center",
        "backgroundColor": "#ffffff",
        "bottom": 30,
        "left": 40,
        "position": "absolute",
        "right": 40,
      },
      undefined,
    ]
  }
>
  <Text
    accessible={true}
    allowFontScaling={true}
    disabled={false}
    ellipsizeMode="tail"
  >
    0750eb7b-6bc0-4142-82e2-035068d50726
  </Text>
</View>
`;
