// Jest Snapshot v1, https://goo.gl/fbAQLP

exports[`Link renders correctly 1`] = `
<View
  accessibilityComponentType={undefined}
  accessibilityLabel={undefined}
  accessibilityTraits={undefined}
  accessible={true}
  collapsable={undefined}
  hitSlop={undefined}
  isTVSelectable={true}
  nativeID={undefined}
  onLayout={undefined}
  onResponderGrant={[Function]}
  onResponderMove={[Function]}
  onResponderRelease={[Function]}
  onResponderTerminate={[Function]}
  onResponderTerminationRequest={[Function]}
  onStartShouldSetResponder={[Function]}
  style={
    Object {
      "opacity": 1,
    }
  }
  testID={undefined}
  tvParallaxProperties={undefined}
>
  <Text
    accessible={true}
    allowFontScaling={true}
    disabled={false}
    ellipsizeMode="tail"
  >
    <Text
      accessible={true}
      allowFontScaling={true}
      disabled={false}
      ellipsizeMode="tail"
      numberOfLines={undefined}
      style={
        Array [
          Object {
            "color": "#504F63",
            "fontFamily": "Avenir Next",
            "fontWeight": "400",
          },
          Array [
            Object {
              "color": "#FEC98A",
              "fontSize": 12,
              "fontWeight": "600",
              "letterSpacing": 1,
            },
            undefined,
          ],
        ]
      }
    >
      <Text
        accessible={true}
        allowFontScaling={true}
        disabled={false}
        ellipsizeMode="tail"
      >
        e80d5b55-cad9-4df9-9272-c0398592411b
      </Text>
    </Text>
  </Text>
</View>
`;
