// Jest Snapshot v1, https://goo.gl/fbAQLP

exports[`QrCodeScanner renders correctly 1`] = `
<View
  style={
    Object {
      "alignItems": "center",
      "backgroundColor": "#ffffff",
      "flex": 1,
      "justifyContent": "center",
      "left": 0,
      "position": "absolute",
      "top": 0,
    }
  }
>
  <View
    keepAwake={true}
    onBarCodeRead={[Function]}
    style={
      Object {
        "alignItems": "center",
        "flex": 1,
        "height": 1334,
        "justifyContent": "center",
        "width": 750,
      }
    }
  >
    <View
      style={
        Array [
          Object {
            "alignSelf": "stretch",
            "backgroundColor": "rgba(255,255,255,0.5)",
            "flex": 1,
            "opacity": 0.7,
          },
          Object {
            "opacity": 0,
          },
        ]
      }
    />
    <Image
      source={1}
      style={
        Array [
          Object {
            "height": 200,
            "opacity": 0,
            "position": "absolute",
            "width": 200,
          },
          Object {
            "opacity": 0.25,
          },
        ]
      }
    />
  </View>
</View>
`;
