// Jest Snapshot v1, https://goo.gl/fbAQLP

exports[`SettingsLink renders correctly 1`] = `
<View
  accessibilityComponentType={undefined}
  accessibilityLabel={undefined}
  accessibilityTraits={undefined}
  accessible={true}
  hasTVPreferredFocus={undefined}
  hitSlop={undefined}
  isTVSelectable={true}
  nativeID={undefined}
  onLayout={undefined}
  onResponderGrant={[Function]}
  onResponderMove={[Function]}
  onResponderRelease={[Function]}
  onResponderTerminate={[Function]}
  onResponderTerminationRequest={[Function]}
  onStartShouldSetResponder={[Function]}
  style={
    Array [
      Object {
        "backgroundColor": "transparent",
      },
      undefined,
    ]
  }
  testID={undefined}
  tvParallaxProperties={undefined}
>
  <View
    style={
      Array [
        Object {
          "borderBottomColor": "#DDDDDF",
          "borderBottomWidth": 0.5,
          "marginLeft": 15,
          "paddingBottom": 12,
          "paddingRight": 15,
          "paddingTop": 12,
        },
        undefined,
      ]
    }
  >
    <Text
      accessible={true}
      allowFontScaling={true}
      disabled={false}
      ellipsizeMode="tail"
      numberOfLines={undefined}
      style={
        Array [
          Object {
            "color": "#504F63",
            "fontFamily": "Avenir Next",
            "fontWeight": "400",
          },
          Object {
            "fontWeight": "600",
          },
        ]
      }
    >
      72b47a5f-db79-4431-a2ca-612d97f547cc
    </Text>
    <Text
      accessible={true}
      allowFontScaling={true}
      disabled={false}
      ellipsizeMode="tail"
      numberOfLines={1}
      style={
        Array [
          Object {
            "color": "#504F63",
            "fontFamily": "Avenir Next",
            "fontWeight": "400",
          },
          Object {
            "backgroundColor": "transparent",
            "color": "#8F8E94",
            "position": "absolute",
            "right": 30,
            "textAlign": "right",
            "top": 12,
            "width": 230,
          },
        ]
      }
    >
      e87b6472-bbd7-4a6d-833a-0c5030189213
    </Text>
    <Text
      accessible={true}
      allowFontScaling={false}
      disabled={false}
      ellipsizeMode="tail"
      style={
        Array [
          Object {
            "color": undefined,
            "fontSize": 12,
          },
          Object {
            "color": "#EBEBEB",
            "fontSize": 20,
            "position": "absolute",
            "right": 15,
            "top": 12,
          },
          Object {
            "fontFamily": "Ionicons",
            "fontStyle": "normal",
            "fontWeight": "normal",
          },
        ]
      }
    >
      
    </Text>
  </View>
</View>
`;

exports[`SettingsLink renders correctly as the last item 1`] = `
<View
  accessibilityComponentType={undefined}
  accessibilityLabel={undefined}
  accessibilityTraits={undefined}
  accessible={true}
  hasTVPreferredFocus={undefined}
  hitSlop={undefined}
  isTVSelectable={true}
  nativeID={undefined}
  onLayout={undefined}
  onResponderGrant={[Function]}
  onResponderMove={[Function]}
  onResponderRelease={[Function]}
  onResponderTerminate={[Function]}
  onResponderTerminationRequest={[Function]}
  onStartShouldSetResponder={[Function]}
  style={
    Array [
      Object {
        "backgroundColor": "transparent",
      },
      undefined,
    ]
  }
  testID={undefined}
  tvParallaxProperties={undefined}
>
  <View
    style={
      Array [
        Object {
          "borderBottomColor": "#DDDDDF",
          "borderBottomWidth": 0.5,
          "marginLeft": 15,
          "paddingBottom": 12,
          "paddingRight": 15,
          "paddingTop": 12,
        },
        Object {
          "borderBottomWidth": 0,
        },
      ]
    }
  >
    <Text
      accessible={true}
      allowFontScaling={true}
      disabled={false}
      ellipsizeMode="tail"
      numberOfLines={undefined}
      style={
        Array [
          Object {
            "color": "#504F63",
            "fontFamily": "Avenir Next",
            "fontWeight": "400",
          },
          Object {
            "fontWeight": "600",
          },
        ]
      }
    >
      d8d6a18e-0553-44fa-9f68-158b7364bc5e
    </Text>
    <Text
      accessible={true}
      allowFontScaling={true}
      disabled={false}
      ellipsizeMode="tail"
      numberOfLines={1}
      style={
        Array [
          Object {
            "color": "#504F63",
            "fontFamily": "Avenir Next",
            "fontWeight": "400",
          },
          Object {
            "backgroundColor": "transparent",
            "color": "#8F8E94",
            "position": "absolute",
            "right": 30,
            "textAlign": "right",
            "top": 12,
            "width": 230,
          },
        ]
      }
    >
      b40740ec-ccb1-41c6-8fa5-72147f467556
    </Text>
    <Text
      accessible={true}
      allowFontScaling={false}
      disabled={false}
      ellipsizeMode="tail"
      style={
        Array [
          Object {
            "color": undefined,
            "fontSize": 12,
          },
          Object {
            "color": "#EBEBEB",
            "fontSize": 20,
            "position": "absolute",
            "right": 15,
            "top": 12,
          },
          Object {
            "fontFamily": "Ionicons",
            "fontStyle": "normal",
            "fontWeight": "normal",
          },
        ]
      }
    >
      
    </Text>
  </View>
</View>
`;
