// Jest Snapshot v1, https://goo.gl/fbAQLP

exports[`StrongText renders correctly 1`] = `
<Text
  accessible={true}
  allowFontScaling={true}
  disabled={false}
  ellipsizeMode="tail"
  style={
    Object {
      "fontWeight": "600",
    }
  }
>
  <Text
    accessible={true}
    allowFontScaling={true}
    disabled={false}
    ellipsizeMode="tail"
  >
    27125870-9efa-4ddd-b8fb-4f520751cd1d
  </Text>
</Text>
`;
