// Jest Snapshot v1, https://goo.gl/fbAQLP

exports[`Title renders correctly 1`] = `
<Text
  accessible={true}
  allowFontScaling={true}
  disabled={false}
  ellipsizeMode="tail"
  numberOfLines={undefined}
  style={
    Array [
      Object {
        "color": "#504F63",
        "fontFamily": "Avenir Next",
        "fontWeight": "400",
      },
      Array [
        Object {
          "fontSize": 18,
          "fontWeight": "bold",
          "letterSpacing": 1,
          "marginBottom": 10,
          "textAlign": "center",
        },
        undefined,
      ],
    ]
  }
>
  <Text
    accessible={true}
    allowFontScaling={true}
    disabled={false}
    ellipsizeMode="tail"
  >
    32a29072-5334-4ad1-a86d-37f6c2639449
  </Text>
</Text>
`;
